CREATE TABLE memos (
  content text
);
INSERT INTO memos VALUES ('090-1234-5678');
INSERT INTO memos VALUES ('(090)1234-5678');
CREATE INDEX pgrn_index ON memos
 USING pgroonga (content pgroonga_text_full_text_search_ops_v2)
  WITH (tokenizer = 'TokenNgram("loose_symbol", true)');
SET enable_seqscan = off;
SET enable_indexscan = off;
SET enable_bitmapscan = on;
\pset format unaligned
EXPLAIN (COSTS OFF)
SELECT content, pgroonga_score(tableoid, ctid)
  FROM memos
 WHERE content &@
       pgroonga_condition('090-12345678', ARRAY[5], index_name => 'pgrn_index')
\g |sed -r -e "s/('.+'|ROW.+)::pgroonga/pgroonga/g"
QUERY PLAN
Bitmap Heap Scan on memos
  Recheck Cond: (content &@ pgroonga_condition)
  ->  Bitmap Index Scan on pgrn_index
        Index Cond: (content &@ pgroonga_condition)
(4 rows)
\pset format aligned
SELECT content, pgroonga_score(tableoid, ctid)
  FROM memos
 WHERE content &@
       pgroonga_condition('090-12345678', ARRAY[5], index_name => 'pgrn_index');
    content     | pgroonga_score 
----------------+----------------
 090-1234-5678  |              5
 (090)1234-5678 |              5
(2 rows)

DROP TABLE memos;
