SELECT jsonb_pretty(
  pgroonga_result_to_jsonb_objects(
    '[
       [0, 0.0, 0.0],
       [
	 [
	   [10],
	   [
	     ["_id", "UInt32"],
	     ["bool", "Bool"],
	     ["int8", "Int8"],
	     ["uint8", "UInt8"],
	     ["int16", "Int16"],
	     ["uint16", "UInt16"],
	     ["int32", "Int32"],
	     ["uint32", "UInt32"],
	     ["int64", "Int64"],
	     ["uint64", "UInt64"],
	     ["float32", "Float32"],
	     ["float", "Float"],
	     ["time", "Time"],
	     ["short_text", "ShortText"],
	     ["text", "Text"],
	     ["long_text", "LongText"]
	   ],
	   [
	     1,
	     true,
	     -128,
	     255,
	     -32768,
	     65535,
	     -2147483648,
	     4294967295,
	     -9223372036854775808,
	     9223372036854775807,
	     -1.0,
	     1.0,
	     1589102411.9,
	     "short",
	     "text",
	     "long"
	   ],
	   [
	     2,
	     false,
	     -10,
	     10,
	     -20,
	     20,
	     -30,
	     30,
	     -40,
	     40,
	     -5.5,
	     5.5,
	     1589102411,
	     "short2",
	     "text2",
	     "long2"
	   ]
	 ]
       ]
     ]'::jsonb)
  );
              jsonb_pretty              
----------------------------------------
 [                                     +
     {                                 +
         "_id": 1,                     +
         "bool": true,                 +
         "int8": -128,                 +
         "text": "text",               +
         "time": 1589102411.9,         +
         "float": 1.0,                 +
         "int16": -32768,              +
         "int32": -2147483648,         +
         "int64": -9223372036854775808,+
         "uint8": 255,                 +
         "uint16": 65535,              +
         "uint32": 4294967295,         +
         "uint64": 9223372036854775807,+
         "float32": -1.0,              +
         "long_text": "long",          +
         "short_text": "short"         +
     },                                +
     {                                 +
         "_id": 2,                     +
         "bool": false,                +
         "int8": -10,                  +
         "text": "text2",              +
         "time": 1589102411,           +
         "float": 5.5,                 +
         "int16": -20,                 +
         "int32": -30,                 +
         "int64": -40,                 +
         "uint8": 10,                  +
         "uint16": 20,                 +
         "uint32": 30,                 +
         "uint64": 40,                 +
         "float32": -5.5,              +
         "long_text": "long2",         +
         "short_text": "short2"        +
     }                                 +
 ]
(1 row)

