CREATE TABLE memos (
  id integer
);
CREATE INDEX index ON memos (id);
SELECT pgroonga_wal_truncate('index');
ERROR:  pgroonga: [wal][truncate][index] not PGroonga index: <index>
DROP TABLE memos;
