CREATE TABLE readings (
  katakana text
);
INSERT INTO readings VALUES ('ポストグレスキューエル');
INSERT INTO readings VALUES ('グルンガ');
INSERT INTO readings VALUES ('ピージールンガ');
INSERT INTO readings VALUES ('ピージーロジカル');
CREATE INDEX pgrn_index ON readings
  USING pgroonga (katakana pgroonga_text_term_search_ops_v2);
SET enable_seqscan = off;
SET enable_indexscan = on;
SET enable_bitmapscan = off;
EXPLAIN (COSTS OFF)
SELECT katakana
  FROM readings
 WHERE katakana &^~| ARRAY['po', 'gu'];
                   QUERY PLAN                    
-------------------------------------------------
 Index Scan using pgrn_index on readings
   Index Cond: (katakana &^~| '{po,gu}'::text[])
(2 rows)

SELECT katakana
  FROM readings
 WHERE katakana &^~| ARRAY['po', 'gu'];
        katakana        
------------------------
 ポストグレスキューエル
 グルンガ
(2 rows)

DROP TABLE readings;
