SET pgroonga.enable_wal = true;
CREATE TABLE memos (
  content text
);
INSERT INTO memos VALUES ('Groonga is fast!');
CREATE INDEX pgrn_index ON memos USING PGroonga (content);
SELECT pgroonga_set_writable(false);
 pgroonga_set_writable 
-----------------------
 t
(1 row)

SELECT pgroonga_wal_truncate('pgrn_index');
 pgroonga_wal_truncate 
-----------------------
                     2
(1 row)

SELECT pgroonga_set_writable(true);
 pgroonga_set_writable 
-----------------------
 f
(1 row)

SELECT pgroonga_wal_truncate('pgrn_index');
 pgroonga_wal_truncate 
-----------------------
                     2
(1 row)

DROP TABLE memos;
SET pgroonga.enable_wal = default;
