CREATE TABLE logs (
  id int,
  record jsonb
);
INSERT INTO logs VALUES (1, '
{
  "tags": ["web"],
  "host": {"ipv4": "127.0.0.1"},
  "message": {"code": 100, "content": "hello"}
}
');
INSERT INTO logs VALUES (2, '
{
  "tags": ["mail"],
  "host": {"ipv4": "127.0.0.2"},
  "message": "hello"
}
');
INSERT INTO logs VALUES (3, '
{
  "tags": [],
  "host": {},
  "message": ["hello", "world"]
}
');
CREATE INDEX pgroonga_index ON logs
  USING pgroonga (record pgroonga_jsonb_ops_v2);
SET enable_seqscan = off;
SET enable_indexscan = off;
SET enable_bitmapscan = on;
EXPLAIN (COSTS OFF)
SELECT id, record
  FROM logs
 WHERE record &` 'paths @ ".message" && type == "object"'
 ORDER BY id;
                                      QUERY PLAN                                      
--------------------------------------------------------------------------------------
 Sort
   Sort Key: id
   ->  Bitmap Heap Scan on logs
         Recheck Cond: (record &` 'paths @ ".message" && type == "object"'::text)
         ->  Bitmap Index Scan on pgroonga_index
               Index Cond: (record &` 'paths @ ".message" && type == "object"'::text)
(6 rows)

SELECT id, record
  FROM logs
 WHERE record &` 'paths @ ".message" && type == "object"'
 ORDER BY id;
 id |                                             record                                             
----+------------------------------------------------------------------------------------------------
  1 | {"host": {"ipv4": "127.0.0.1"}, "tags": ["web"], "message": {"code": 100, "content": "hello"}}
(1 row)

DROP TABLE logs;
