CREATE TABLE tags (
  id integer,
  user_name text,
  names varchar[]
);
CREATE USER alice NOLOGIN;
GRANT ALL ON TABLE tags TO alice;
INSERT INTO tags VALUES (1, 'alice', ARRAY['PostgreSQL', 'PG']);
INSERT INTO tags VALUES (2, 'alice', ARRAY['Groonga', 'grn', 'groonga']);
INSERT INTO tags VALUES (3, 'alice', ARRAY['PGroonga', 'pgrn', 'SQL']);
INSERT INTO tags VALUES (4, 'nonexistent', ARRAY['Mroonga', 'mrn', 'SQL']);
CREATE INDEX pgroonga_index ON tags
  USING pgroonga (names pgroonga_varchar_array_term_search_ops_v2);
ALTER TABLE tags ENABLE ROW LEVEL SECURITY;
CREATE POLICY tags_myself ON tags USING (user_name = current_user);
SET enable_seqscan = off;
SET enable_indexscan = on;
SET enable_bitmapscan = off;
SET SESSION AUTHORIZATION alice;
\pset format unaligned
EXPLAIN (COSTS OFF)
SELECT names
  FROM tags
 WHERE names &=~ ('grn OR sql', NULL, 'pgroonga_index')::pgroonga_full_text_search_condition
 ORDER BY id
\g |sed -r -e "s/\(CURRENT_USER\)::text/CURRENT_USER/g"
QUERY PLAN
Sort
  Sort Key: id
  ->  Index Scan using pgroonga_index on tags
        Index Cond: (names &=~ '("grn OR sql",,pgroonga_index)'::pgroonga_full_text_search_condition)
        Filter: (user_name = CURRENT_USER)
(5 rows)
\pset format aligned
SELECT names
  FROM tags
 WHERE names &=~ ('grn OR sql', NULL, 'pgroonga_index')::pgroonga_full_text_search_condition
 ORDER BY id;
         names         
-----------------------
 {Groonga,grn,groonga}
 {PGroonga,pgrn,SQL}
(2 rows)

RESET SESSION AUTHORIZATION;
DROP TABLE tags;
DROP USER alice;
