CREATE TABLE fruits (
  id int,
  items jsonb
);
INSERT INTO fruits VALUES (1, '[100]');
INSERT INTO fruits VALUES (2, '[200, 30]');
INSERT INTO fruits VALUES (3, '[150]');
SET enable_seqscan = on;
SET enable_indexscan = off;
SET enable_bitmapscan = off;
SELECT id, items
  FROM fruits
 WHERE items &` 'type == "number" && number <= 100'
 ORDER BY id;
 id |   items   
----+-----------
  1 | [100]
  2 | [200, 30]
(2 rows)

DROP TABLE fruits;
