SELECT pgroonga_query_extract_keywords('Groonga PostgreSQL');
 pgroonga_query_extract_keywords 
---------------------------------
 {PostgreSQL,Groonga}
(1 row)

