CREATE TABLE memos (
  id integer,
  content text
);
INSERT INTO memos VALUES (1, 'PostgreSQL is a RDBMS.');
INSERT INTO memos VALUES (2, 'Groonga is (fast) full text search engine.');
INSERT INTO memos VALUES (3, 'PGroonga is a PostgreSQL extension that uses Groonga.');
CREATE INDEX pgrn_index ON memos
 USING pgroonga (content pgroonga_text_full_text_search_ops_v2);
SET enable_seqscan = off;
SET enable_indexscan = on;
SET enable_bitmapscan = off;
EXPLAIN (COSTS OFF)
SELECT id, content
  FROM memos
 WHERE content &@~ '(Groonga';
                  QUERY PLAN                  
----------------------------------------------
 Index Scan using pgrn_index on memos
   Index Cond: (content &@~ '(Groonga'::text)
(2 rows)

SELECT id, content
  FROM memos
 WHERE content &@~ '(Groonga';
 id |                  content                   
----+--------------------------------------------
  2 | Groonga is (fast) full text search engine.
(1 row)

DROP TABLE memos;
