CREATE TABLE memos (
  id int PRIMARY KEY,
  content text
);
INSERT INTO memos VALUES (1, 'PostgreSQL is a RDBMS.');
INSERT INTO memos VALUES (2, 'Groonga is fast full text search engine.');
INSERT INTO memos VALUES (3, 'PGroonga is a PostgreSQL extension that uses Groonga.');
CREATE INDEX pgroonga_index ON memos USING pgroonga (content);
UPDATE memos
 SET content = 'Mroonga is a MySQL storage engine that uses Groonga.'
 WHERE id = 3;
SELECT pgroonga_command('select ' ||
                        pgroonga_table_name('pgroonga_index') ||
                        ' --match_columns content'
                        ' --query Groonga'
                        ' --filter "pgroonga_tuple_is_alive(ctid)"'
                        ' --output_columns content')::json->>1
    AS body;
                                                                  body                                                                  
----------------------------------------------------------------------------------------------------------------------------------------
 [[[2],[["content","LongText"]],["Groonga is fast full text search engine."],["Mroonga is a MySQL storage engine that uses Groonga."]]]
(1 row)

DROP TABLE memos;
