CREATE TABLE tags (
  names text[]
);
INSERT INTO tags VALUES (ARRAY['PostgreSQL', 'PG']);
INSERT INTO tags VALUES (ARRAY['Groonga', 'grn', 'groonga']);
INSERT INTO tags VALUES (ARRAY['PGroonga', 'pgrn', 'SQL']);
CREATE INDEX pgroonga_index ON tags
  USING pgroonga (names pgroonga_text_array_term_search_ops_v2);
SET enable_seqscan = off;
SET enable_indexscan = on;
SET enable_bitmapscan = off;
\pset format unaligned
EXPLAIN (COSTS OFF)
SELECT names
  FROM tags
 WHERE names &=~ pgroonga_condition('grn OR sql', index_name => 'pgroonga_index')
\g |sed -r -e "s/('.+'|ROW.+)::pgroonga/pgroonga/g"
QUERY PLAN
Index Scan using pgroonga_index on tags
  Index Cond: (names &=~ pgroonga_condition)
(2 rows)
\pset format aligned
SELECT names
  FROM tags
 WHERE names &=~ pgroonga_condition('grn OR sql', index_name => 'pgroonga_index');
         names         
-----------------------
 {Groonga,grn,groonga}
 {PGroonga,pgrn,SQL}
(2 rows)

DROP TABLE tags;
