SELECT pgroonga_query_escape('a+B-c< >あいう~*()"\\'':');
        pgroonga_query_escape        
-------------------------------------
 a\+B\-c\< \>あいう\~\*\(\)\"\\\\'\:
(1 row)

