CREATE TABLE memos (
  content text
);
INSERT INTO memos VALUES ('りんご');
INSERT INTO memos VALUES ('リンゴ');
CREATE INDEX pgrn_index ON memos
 USING pgroonga (content pgroonga_text_full_text_search_ops_v2)
  WITH (normalizer = 'NormalizerNFKC100("unify_kana", true)');
SET enable_seqscan = on;
SET enable_indexscan = off;
SET enable_bitmapscan = off;
\pset format unaligned
EXPLAIN (COSTS OFF)
SELECT content, pgroonga_score(tableoid, ctid)
  FROM memos
 WHERE content &@
       pgroonga_condition('りんご', ARRAY[5], index_name => 'pgrn_index')
\g |sed -r -e "s/('.+'|ROW.+)::pgroonga/pgroonga/g"
QUERY PLAN
Seq Scan on memos
  Filter: (content &@ pgroonga_condition)
(2 rows)
\pset format aligned
SELECT content, pgroonga_score(tableoid, ctid)
  FROM memos
 WHERE content &@
       pgroonga_condition('りんご', ARRAY[5], index_name => 'pgrn_index');
 content | pgroonga_score 
---------+----------------
 りんご  |              0
 リンゴ  |              0
(2 rows)

DROP TABLE memos;
