CREATE TABLE memos (
  id integer,
  user_name text,
  content text
);
CREATE USER alice NOLOGIN;
GRANT ALL ON TABLE memos TO alice;
INSERT INTO memos VALUES
  (1, 'nonexistent', 'PostgreSQL is a RDBMS.');
INSERT INTO memos VALUES
  (2, 'alice', 'Groonga is fast full text search engine.');
INSERT INTO memos VALUES
  (3, 'alice', 'We need 6+ records.');
INSERT INTO memos VALUES
  (4, 'alice', 'Because ERRORDATA_STACK_SIZE is 5.');
INSERT INTO memos VALUES
  (5, 'alice', 'If more than ERRORDATA_STACK_SIZE errors are happen, ');
INSERT INTO memos VALUES
  (6, 'alice', 'PostgreSQL is PANIC-ed.');
INSERT INTO memos VALUES
  (7, 'alice', 'We need to call FlushErrorState() when we ignore an error for RLS.');
ALTER TABLE memos ENABLE ROW LEVEL SECURITY;
CREATE POLICY memos_myself ON memos USING (user_name = current_user);
SET enable_seqscan = on;
SET enable_indexscan = off;
SET enable_bitmapscan = off;
SET SESSION AUTHORIZATION alice;
SET pgroonga.enable_row_level_security = off;
\pset format unaligned
EXPLAIN (COSTS OFF)
SELECT id, content
  FROM memos
 WHERE content &@~
         pgroonga_condition('rdbms OR engine', index_name => 'nonexistent')
\g |sed -r -e "s/('.+'|ROW.+)::pgroonga/pgroonga/g" -e "s/\(CURRENT_USER\)::text/CURRENT_USER/g"
QUERY PLAN
Seq Scan on memos
  Filter: ((user_name = CURRENT_USER) AND (content &@~ pgroonga_condition))
(2 rows)
\pset format aligned
SELECT id, content
  FROM memos
 WHERE content &@~
         pgroonga_condition('rdbms OR engine', index_name => 'nonexistent');
ERROR:  relation "nonexistent" does not exist
SET pgroonga.enable_row_level_security = on;
RESET SESSION AUTHORIZATION;
DROP TABLE memos;
DROP USER alice;
SET pgroonga.enable_row_level_security = default;
