CREATE TABLE memos (
  title text,
  content text
);
CREATE INDEX pgrn_index ON memos
  USING pgroonga (title, content)
  WITH (tokenizer = 'TokenNgram',
        tokenizer_mapping = '{
	  "content": "TokenNgram(\"n\", 3)"
	}');
\out null
SELECT
  'Lexicon' || 'pgrn_index'::regclass::oid || '_0' as title_lexicon_name,
  'Lexicon' || 'pgrn_index'::regclass::oid || '_1' as content_lexicon_name;
\out
\gset
SELECT pgroonga_command('schema')::jsonb#>'{1,tables}'
         ->:'title_lexicon_name'
         #>'{command,arguments,default_tokenizer}';
   ?column?   
--------------
 "TokenNgram"
(1 row)

SELECT pgroonga_command('schema')::jsonb#>'{1,tables}'
         ->:'content_lexicon_name'
         #>'{command,arguments,default_tokenizer}';
        ?column?        
------------------------
 "TokenNgram(\"n\", 3)"
(1 row)

DROP TABLE memos;
